------------------------------------------------------------
Timing Analyzer Summary
------------------------------------------------------------

Type  : Slow 1200mV 85C Model Setup 'CLOCK_50'
Slack : -6.114
TNS   : -814.128

Type  : Slow 1200mV 85C Model Setup 'BreadBakerFSM:iaaanst1|s_currentState.TExtra'
Slack : -3.469
TNS   : -27.525

Type  : Slow 1200mV 85C Model Setup 'ControlSystemUnit_v2:inst25|pState.StartPrg'
Slack : -0.590
TNS   : -0.590

Type  : Slow 1200mV 85C Model Setup 'BreadBakerFSM:iaaanst1|s_currentState.TAmmassar'
Slack : 0.210
TNS   : 0.000

Type  : Slow 1200mV 85C Model Setup 'ControlSystemUnit_v2:inst25|pState.Init'
Slack : 0.210
TNS   : 0.000

Type  : Slow 1200mV 85C Model Hold 'ControlSystemUnit_v2:inst25|pState.StartPrg'
Slack : 0.014
TNS   : 0.000

Type  : Slow 1200mV 85C Model Hold 'BreadBakerFSM:iaaanst1|s_currentState.TExtra'
Slack : 0.218
TNS   : 0.000

Type  : Slow 1200mV 85C Model Hold 'CLOCK_50'
Slack : 0.399
TNS   : 0.000

Type  : Slow 1200mV 85C Model Hold 'BreadBakerFSM:iaaanst1|s_currentState.TAmmassar'
Slack : 0.445
TNS   : 0.000

Type  : Slow 1200mV 85C Model Hold 'ControlSystemUnit_v2:inst25|pState.Init'
Slack : 0.445
TNS   : 0.000

Type  : Slow 1200mV 85C Model Minimum Pulse Width 'CLOCK_50'
Slack : -3.000
TNS   : -261.285

Type  : Slow 1200mV 85C Model Minimum Pulse Width 'BreadBakerFSM:iaaanst1|s_currentState.TAmmassar'
Slack : -1.285
TNS   : -1.285

Type  : Slow 1200mV 85C Model Minimum Pulse Width 'ControlSystemUnit_v2:inst25|pState.Init'
Slack : -1.285
TNS   : -1.285

Type  : Slow 1200mV 85C Model Minimum Pulse Width 'ControlSystemUnit_v2:inst25|pState.StartPrg'
Slack : -1.285
TNS   : -1.285

Type  : Slow 1200mV 85C Model Minimum Pulse Width 'BreadBakerFSM:iaaanst1|s_currentState.TExtra'
Slack : 0.344
TNS   : 0.000

Type  : Slow 1200mV 0C Model Setup 'CLOCK_50'
Slack : -5.400
TNS   : -727.372

Type  : Slow 1200mV 0C Model Setup 'BreadBakerFSM:iaaanst1|s_currentState.TExtra'
Slack : -3.120
TNS   : -24.754

Type  : Slow 1200mV 0C Model Setup 'ControlSystemUnit_v2:inst25|pState.StartPrg'
Slack : -0.562
TNS   : -0.562

Type  : Slow 1200mV 0C Model Setup 'BreadBakerFSM:iaaanst1|s_currentState.TAmmassar'
Slack : 0.297
TNS   : 0.000

Type  : Slow 1200mV 0C Model Setup 'ControlSystemUnit_v2:inst25|pState.Init'
Slack : 0.297
TNS   : 0.000

Type  : Slow 1200mV 0C Model Hold 'ControlSystemUnit_v2:inst25|pState.StartPrg'
Slack : 0.015
TNS   : 0.000

Type  : Slow 1200mV 0C Model Hold 'BreadBakerFSM:iaaanst1|s_currentState.TExtra'
Slack : 0.191
TNS   : 0.000

Type  : Slow 1200mV 0C Model Hold 'CLOCK_50'
Slack : 0.353
TNS   : 0.000

Type  : Slow 1200mV 0C Model Hold 'BreadBakerFSM:iaaanst1|s_currentState.TAmmassar'
Slack : 0.398
TNS   : 0.000

Type  : Slow 1200mV 0C Model Hold 'ControlSystemUnit_v2:inst25|pState.Init'
Slack : 0.398
TNS   : 0.000

Type  : Slow 1200mV 0C Model Minimum Pulse Width 'CLOCK_50'
Slack : -3.000
TNS   : -261.285

Type  : Slow 1200mV 0C Model Minimum Pulse Width 'BreadBakerFSM:iaaanst1|s_currentState.TAmmassar'
Slack : -1.285
TNS   : -1.285

Type  : Slow 1200mV 0C Model Minimum Pulse Width 'ControlSystemUnit_v2:inst25|pState.Init'
Slack : -1.285
TNS   : -1.285

Type  : Slow 1200mV 0C Model Minimum Pulse Width 'ControlSystemUnit_v2:inst25|pState.StartPrg'
Slack : -1.285
TNS   : -1.285

Type  : Slow 1200mV 0C Model Minimum Pulse Width 'BreadBakerFSM:iaaanst1|s_currentState.TExtra'
Slack : 0.380
TNS   : 0.000

Type  : Fast 1200mV 0C Model Setup 'CLOCK_50'
Slack : -2.817
TNS   : -299.203

Type  : Fast 1200mV 0C Model Setup 'BreadBakerFSM:iaaanst1|s_currentState.TExtra'
Slack : -1.544
TNS   : -11.979

Type  : Fast 1200mV 0C Model Setup 'ControlSystemUnit_v2:inst25|pState.StartPrg'
Slack : 0.014
TNS   : 0.000

Type  : Fast 1200mV 0C Model Setup 'ControlSystemUnit_v2:inst25|pState.Init'
Slack : 0.624
TNS   : 0.000

Type  : Fast 1200mV 0C Model Setup 'BreadBakerFSM:iaaanst1|s_currentState.TAmmassar'
Slack : 0.626
TNS   : 0.000

Type  : Fast 1200mV 0C Model Hold 'CLOCK_50'
Slack : 0.052
TNS   : 0.000

Type  : Fast 1200mV 0C Model Hold 'ControlSystemUnit_v2:inst25|pState.StartPrg'
Slack : 0.097
TNS   : 0.000

Type  : Fast 1200mV 0C Model Hold 'ControlSystemUnit_v2:inst25|pState.Init'
Slack : 0.206
TNS   : 0.000

Type  : Fast 1200mV 0C Model Hold 'BreadBakerFSM:iaaanst1|s_currentState.TAmmassar'
Slack : 0.208
TNS   : 0.000

Type  : Fast 1200mV 0C Model Hold 'BreadBakerFSM:iaaanst1|s_currentState.TExtra'
Slack : 0.211
TNS   : 0.000

Type  : Fast 1200mV 0C Model Minimum Pulse Width 'CLOCK_50'
Slack : -3.000
TNS   : -216.776

Type  : Fast 1200mV 0C Model Minimum Pulse Width 'BreadBakerFSM:iaaanst1|s_currentState.TAmmassar'
Slack : -1.000
TNS   : -1.000

Type  : Fast 1200mV 0C Model Minimum Pulse Width 'ControlSystemUnit_v2:inst25|pState.Init'
Slack : -1.000
TNS   : -1.000

Type  : Fast 1200mV 0C Model Minimum Pulse Width 'ControlSystemUnit_v2:inst25|pState.StartPrg'
Slack : -1.000
TNS   : -1.000

Type  : Fast 1200mV 0C Model Minimum Pulse Width 'BreadBakerFSM:iaaanst1|s_currentState.TExtra'
Slack : 0.395
TNS   : 0.000

------------------------------------------------------------
